 <-1> 07/05/2024 01:54:28.781     [Info   ] -   License file: "D:\MSE\XPA410\license.dat", License feature: 'MGCSTK'.
